// Jest Snapshot v1, https://goo.gl/fbAQLP

exports[`integration:components/global/form/form-inputs/text-input snapshot 1`] = `
<div>
  <div
    data-testid="text-input__container"
  >
    <label
      class="font-medium peer-disabled:cursor-not-allowed peer-disabled:opacity-70 text-lg md:text-xl text-brand-neutral-11"
    >
      Name
    </label>
    <input
      class="flex h-10 w-full rounded-md border border-input bg-background px-3 py-2 text-sm ring-offset-background file:border-0 file:bg-transparent file:text-sm file:font-medium placeholder:text-muted-foreground focus-visible:outline-none focus-visible:ring-2 focus-visible:ring-ring focus-visible:ring-offset-2 disabled:cursor-not-allowed disabled:opacity-50 my-3"
      placeholder="Enter your name"
    />
  </div>
</div>
`;
